15.656030,19.283222,22.910415,26.537608
9.656310,11.929968,14.203627,16.477285
4.061276,4.897442,5.738115,6.583245
2.459186,2.940801,3.431978,3.932355
