0.003596,0.003673,0.006775,0.007063,0.005016,0.005202,0.006847,0.007296,0.006068,0.006420,0.006623,0.007190,0.006900,0.007446,0.005909,0.006513,0.007604,0.008355,0.004392,0.004881
0.004590,0.005182,0.009138,0.010459,0.006625,0.007592,0.009063,0.010508,0.008054,0.009328,0.008604,0.010093,0.009116,0.010658,0.007510,0.008896,0.009957,0.011746,0.005380,0.006385
0.005577,0.006685,0.011475,0.013838,0.008219,0.009971,0.011257,0.013705,0.010021,0.012222,0.010565,0.012983,0.011309,0.013854,0.009096,0.011269,0.012285,0.015119,0.006360,0.007882
