-6.184786,-2.517676,1.149434,4.816544,8.483654,12.150764,-4.142743,-1.774661,0.59342,2.961501,5.329583,7.697664,-3.066285,-1.405285,0.255715,1.916714,3.577714,5.238714,-3.13755,-1.448026,0.241499,1.931024,3.620549,5.310074,-4.22913,-1.833551,0.562028,2.957607,5.353186,7.748765
