-0.0008102472922156037,0.004475520796032085,0.013402370700926657,0.018963985931974403,0.00505769470045857,0.0103317410641519,0.01371376281187445,0.01946222037947412,0.00868029572955103,0.01412995103648799,0.013907246679382276,0.019817538526131495,0.01100126480807401,0.01667737845412945,0.013905051818258757,0.019931162308030353,0.012561928573754893,0.018478239501463187,0.013696937209290468,0.01983034187308233
0.006984309848334325,0.012997351829468727,0.01644707946083668,0.023116036511879712,0.010572171341473383,0.016790164307334054,0.017198878412656035,0.02404833005593171,0.012904071043027234,0.01939843672945603,0.018150876232426,0.025132196447129197,0.014470853555467619,0.021232571094286924,0.019456166597086797,0.026464869949517387,0.015588629793489147,0.022605586056502838,0.02159823966183599,0.028510847479637776
